C:\Users\User\Documents\GitHub\projet-pfe\.venv\Lib\site-packages\torch\nn\modules\transformer.py:531: UserWarning: The PyTorch API of nested tensors is in prototype stage and will change in the near future. We recommend specifying layout=torch.jagged when constructing a nested tensor, as this layout receives active development, has better operator coverage, and works with torch.compile. (Triggered internally at C:\actions-runner\_work\pytorch\pytorch\pytorch\aten\src\ATen\NestedTensorImpl.cpp:182.)
  output = torch._nested_tensor_from_mask(

== 20news / average / seed 0
  epoch 1/6  loss 0.6701
  epoch 2/6  loss 0.4941
  epoch 3/6  loss 0.3535
  epoch 4/6  loss 0.2401
  epoch 5/6  loss 0.1473
  epoch 6/6  loss 0.0830
  acc 0.736  f1 0.756  tau_g 0.844 +/- 0.061  -> 20news__average__seed0.json

== 20news / average / seed 1
  epoch 1/6  loss 0.6729
  epoch 2/6  loss 0.4951
  epoch 3/6  loss 0.3219
  epoch 4/6  loss 0.2140
  epoch 5/6  loss 0.1390
  epoch 6/6  loss 0.0764
  acc 0.772  f1 0.782  tau_g 0.787 +/- 0.074  -> 20news__average__seed1.json

== 20news / average / seed 2
  epoch 1/6  loss 0.6756
  epoch 2/6  loss 0.5142
  epoch 3/6  loss 0.3197
  epoch 4/6  loss 0.1920
  epoch 5/6  loss 0.1360
  epoch 6/6  loss 0.0980
  acc 0.774  f1 0.785  tau_g 0.786 +/- 0.084  -> 20news__average__seed2.json

== 20news / average / seed 3
  epoch 1/6  loss 0.6790
  epoch 2/6  loss 0.4997
  epoch 3/6  loss 0.3421
  epoch 4/6  loss 0.2228
  epoch 5/6  loss 0.1603
  epoch 6/6  loss 0.1230
  acc 0.736  f1 0.731  tau_g 0.773 +/- 0.076  -> 20news__average__seed3.json

== 20news / average / seed 4
  epoch 1/6  loss 0.6829
  epoch 2/6  loss 0.5378
  epoch 3/6  loss 0.3388
  epoch 4/6  loss 0.2227
  epoch 5/6  loss 0.1395
  epoch 6/6  loss 0.0783
  acc 0.762  f1 0.766  tau_g 0.797 +/- 0.070  -> 20news__average__seed4.json

== 20news / cnn / seed 0
  epoch 1/6  loss 0.6825
  epoch 2/6  loss 0.4824
  epoch 3/6  loss 0.2716
  epoch 4/6  loss 0.0971
  epoch 5/6  loss 0.0331
  epoch 6/6  loss 0.0113
  acc 0.710  f1 0.693  tau_g 0.266 +/- 0.151  -> 20news__cnn__seed0.json

== 20news / cnn / seed 1
  epoch 1/6  loss 0.6762
  epoch 2/6  loss 0.4581
  epoch 3/6  loss 0.2458
  epoch 4/6  loss 0.1183
  epoch 5/6  loss 0.0208
  epoch 6/6  loss 0.0057
  acc 0.687  f1 0.689  tau_g 0.227 +/- 0.139  -> 20news__cnn__seed1.json

== 20news / cnn / seed 2
  epoch 1/6  loss 0.6808
  epoch 2/6  loss 0.4823
  epoch 3/6  loss 0.2319
  epoch 4/6  loss 0.0897
  epoch 5/6  loss 0.0231
  epoch 6/6  loss 0.0290
  acc 0.686  f1 0.700  tau_g 0.249 +/- 0.141  -> 20news__cnn__seed2.json

== 20news / cnn / seed 3
  epoch 1/6  loss 0.6745
  epoch 2/6  loss 0.4361
  epoch 3/6  loss 0.2441
  epoch 4/6  loss 0.0862
  epoch 5/6  loss 0.0313
  epoch 6/6  loss 0.0059
  acc 0.675  f1 0.659  tau_g 0.241 +/- 0.144  -> 20news__cnn__seed3.json

== 20news / cnn / seed 4
  epoch 1/6  loss 0.6688
  epoch 2/6  loss 0.4339
  epoch 3/6  loss 0.2105
  epoch 4/6  loss 0.0891
  epoch 5/6  loss 0.0232
  epoch 6/6  loss 0.0101
  acc 0.688  f1 0.656  tau_g 0.238 +/- 0.128  -> 20news__cnn__seed4.json

== 20news / bilstm / seed 0
  epoch 1/6  loss 0.6774
  epoch 2/6  loss 0.5107
  epoch 3/6  loss 0.2564
  epoch 4/6  loss 0.1233
  epoch 5/6  loss 0.0386
  epoch 6/6  loss 0.0247
  acc 0.762  f1 0.766  tau_g 0.223 +/- 0.171  -> 20news__bilstm__seed0.json

== 20news / bilstm / seed 1
  epoch 1/6  loss 0.6782
  epoch 2/6  loss 0.4954
  epoch 3/6  loss 0.2265
  epoch 4/6  loss 0.0864
  epoch 5/6  loss 0.0291
  epoch 6/6  loss 0.0086
  acc 0.761  f1 0.756  tau_g 0.209 +/- 0.172  -> 20news__bilstm__seed1.json

== 20news / bilstm / seed 2
  epoch 1/6  loss 0.6741
  epoch 2/6  loss 0.5029
  epoch 3/6  loss 0.2315
  epoch 4/6  loss 0.0760
  epoch 5/6  loss 0.0268
  epoch 6/6  loss 0.0096
  acc 0.781  f1 0.790  tau_g 0.147 +/- 0.159  -> 20news__bilstm__seed2.json

== 20news / bilstm / seed 3
  epoch 1/6  loss 0.6787
  epoch 2/6  loss 0.5013
  epoch 3/6  loss 0.2277
  epoch 4/6  loss 0.0779
  epoch 5/6  loss 0.0215
  epoch 6/6  loss 0.0324
  acc 0.763  f1 0.767  tau_g 0.157 +/- 0.174  -> 20news__bilstm__seed3.json

== 20news / bilstm / seed 4
  epoch 1/6  loss 0.6761
  epoch 2/6  loss 0.5016
  epoch 3/6  loss 0.2388
  epoch 4/6  loss 0.0804
  epoch 5/6  loss 0.0388
  epoch 6/6  loss 0.0123
  acc 0.748  f1 0.760  tau_g 0.173 +/- 0.167  -> 20news__bilstm__seed4.json

== 20news / transformer / seed 0
  epoch 1/6  loss 0.8414
  epoch 2/6  loss 0.6123
  epoch 3/6  loss 0.4394
  epoch 4/6  loss 0.2634
  epoch 5/6  loss 0.2337
  epoch 6/6  loss 0.1568
  acc 0.732  f1 0.749  tau_g 0.399 +/- 0.144  -> 20news__transformer__seed0.json

== 20news / transformer / seed 1
  epoch 1/6  loss 0.8597
  epoch 2/6  loss 0.5612
  epoch 3/6  loss 0.3935
  epoch 4/6  loss 0.2573
  epoch 5/6  loss 0.1838
  epoch 6/6  loss 0.1292
  acc 0.788  f1 0.782  tau_g 0.274 +/- 0.157  -> 20news__transformer__seed1.json

== 20news / transformer / seed 2
  epoch 1/6  loss 0.8199
  epoch 2/6  loss 0.6223
  epoch 3/6  loss 0.4225
  epoch 4/6  loss 0.2299
  epoch 5/6  loss 0.1858
  epoch 6/6  loss 0.1079
  acc 0.746  f1 0.752  tau_g 0.292 +/- 0.176  -> 20news__transformer__seed2.json

== 20news / transformer / seed 3
  epoch 1/6  loss 0.8298
  epoch 2/6  loss 0.5966
  epoch 3/6  loss 0.4153
  epoch 4/6  loss 0.2600
  epoch 5/6  loss 0.1812
  epoch 6/6  loss 0.1650
  acc 0.754  f1 0.741  tau_g 0.243 +/- 0.144  -> 20news__transformer__seed3.json

== 20news / transformer / seed 4
  epoch 1/6  loss 0.7911
  epoch 2/6  loss 0.5919
  epoch 3/6  loss 0.3815
  epoch 4/6  loss 0.2143
  epoch 5/6  loss 0.1453
  epoch 6/6  loss 0.0691
  acc 0.727  f1 0.745  tau_g 0.256 +/- 0.155  -> 20news__transformer__seed4.json
